// Vitest Snapshot v1, https://vitest.dev/guide/snapshot.html

exports[`Footer Component > matches snapshot 1`] = `
<div>
  <footer
    class="cyber-footer"
  >
    <div
      class="holographic-line"
    />
    <div
      class="footer-container"
    >
      <div
        class="brand-section"
      >
        <div
          class="gif-container"
        >
          <img
            alt="Iceberg AI animated logo"
            class="brand-gif"
            src="mock-gif-path"
          />
          <div
            class="gif-overlay"
          />
        </div>
        <div
          class="brand-text"
        >
          <h2
            class="cyber-logo"
          >
            <span
              class="logo-part"
            >
              ICE
            </span>
            <span
              class="logo-part-accent"
            >
              BERG
            </span>
            <span
              class="logo-part"
            >
              -AI
            </span>
          </h2>
          <p
            class="cyber-slogan"
          >
            PREDICT. 
            <span
              class="slogan-accent"
            >
              SURVIVE.
            </span>
             LEARN.
          </p>
        </div>
      </div>
      <div
        class="footer-grid"
      >
        <div
          class="footer-section"
        >
          <h3
            class="section-title"
          >
            <span
              data-icon="brain"
            >
              BrainIcon
            </span>
            NAVIGATION
          </h3>
          <ul
            class="cyber-links"
          >
            <li>
              <a
                href="/Courses"
              >
                <span
                  data-icon="calculator"
                >
                  CalculatorIcon
                </span>
                <span>
                  Our Courses
                </span>
                <div
                  class="link-hover"
                />
              </a>
            </li>
            <li>
              <a
                href="/calculator"
              >
                <span
                  data-icon="ship"
                >
                  ShipIcon
                </span>
                <span>
                  Predictanic
                </span>
                <div
                  class="link-hover"
                />
              </a>
            </li>
            <li>
              <a
                href="/about"
              >
                <span
                  data-icon="info"
                >
                  InfoIcon
                </span>
                <span>
                  About Project
                </span>
                <div
                  class="link-hover"
                />
              </a>
            </li>
            <li>
              <a
                href="#"
              >
                <span
                  data-icon="chart"
                >
                  ChartIcon
                </span>
                <span>
                  AI Research
                </span>
                <div
                  class="link-hover"
                />
              </a>
            </li>
          </ul>
        </div>
        <div
          class="footer-section"
        >
          <h3
            class="section-title"
          >
            <div
              class="signal-bars"
            >
              <div
                class="bar"
              />
              <div
                class="bar"
              />
              <div
                class="bar"
              />
            </div>
            CONNECT
          </h3>
          <div
            class="social-grid"
          >
            <a
              class="social-item twitter"
              href="https://mygit.th-deg.de/schober-teaching/student-projects/ain-23-software-engineering/ss-25/IcebergAI"
            >
              <span
                data-icon="twitter"
              >
                TwitterIcon
              </span>
              <span>
                Twitter
              </span>
            </a>
            <a
              class="social-item github"
              href="https://mygit.th-deg.de/schober-teaching/student-projects/ain-23-software-engineering/ss-25/IcebergAI"
            >
              <span
                data-icon="github"
              >
                GitHubIcon
              </span>
              <span>
                GitLab
              </span>
            </a>
            <a
              class="social-item linkedin"
              href="https://mygit.th-deg.de/schober-teaching/student-projects/ain-23-software-engineering/ss-25/IcebergAI"
            >
              <span
                data-icon="linkedin"
              >
                LinkedInIcon
              </span>
              <span>
                LinkedIn
              </span>
            </a>
            <a
              class="social-item email"
              href="/Contact"
            >
              <div
                class="email-icon"
              >
                <div
                  class="envelope"
                />
              </div>
              <span>
                Contact
              </span>
            </a>
          </div>
        </div>
        <div
          class="footer-section"
        >
          <h3
            class="section-title"
          >
            <div
              class="radar"
            >
              <div
                class="radar-sweep"
              />
            </div>
            UPDATES
          </h3>
          <p
            class="newsletter-desc"
          >
            Get AI insights directly to your inbox
          </p>
          <form
            class="cyber-form"
          >
            <div
              class="input-container"
            >
              <input
                placeholder="YOUR@EMAIL.COM"
                required=""
                type="email"
              />
              <div
                class="input-border"
              />
            </div>
            <button
              class="cyber-button"
              type="submit"
            >
              SUBSCRIBE
              <div
                class="button-lights"
              >
                <span
                  class="light blue"
                />
                <span
                  class="light teal"
                />
              </div>
            </button>
          </form>
        </div>
      </div>
    </div>
    <div
      class="footer-bottom"
    >
      <div
        class="scanline"
      />
      <div
        class="bottom-content"
      >
        <p
          class="copyright"
        >
          © 
          2025
           ICEBERG-AI SYSTEMS
        </p>
        <div
          class="legal-links"
        >
          <a
            href="https://mygit.th-deg.de/schober-teaching/student-projects/ain-23-software-engineering/ss-25/IcebergAI"
          >
            PRIVACY
          </a>
          <a
            href="https://mygit.th-deg.de/schober-teaching/student-projects/ain-23-software-engineering/ss-25/IcebergAI"
          >
            TERMS
          </a>
          <a
            href="https://mygit.th-deg.de/schober-teaching/student-projects/ain-23-software-engineering/ss-25/IcebergAI"
          >
            COOKIES
          </a>
        </div>
      </div>
    </div>
  </footer>
</div>
`;
